// Jest Snapshot v1, https://goo.gl/fbAQLP

exports[`Related Products renders correctly 1`] = `
<div
  id="related"
>
  <h4>
    Related Products
  </h4>
  <div
    id="related-products"
  >
    <input
      alt="image"
      type="image"
    />
    <h6>
      Category
    </h6>
    <h6>
      Title
    </h6>
    <h6>
      Price
    </h6>
    <h6>
      Rating
    </h6>
  </div>
</div>
`;
